// Vitest Snapshot v1, https://vitest.dev/guide/snapshot.html

exports[`meta > service > load > should load test file 1`] = `Promise {}`;
